// Jest Snapshot v1, https://goo.gl/fbAQLP

exports[`#createTeamEntity should convert to entity 1`] = `
Object {
  "_class": Array [
    "Team",
  ],
  "_key": "hubspot_team:81106262",
  "_rawData": Array [
    Object {
      "name": "default",
      "rawData": Object {
        "id": "81106262",
        "name": "Team A",
      },
    },
  ],
  "_type": "hubspot_team",
  "createdOn": undefined,
  "displayName": "Team A",
  "id": "81106262",
  "name": "Team A",
}
`;
