// Jest Snapshot v1, https://goo.gl/fbAQLP

exports[`#fetchRoles should collect data 1`] = `
Object {
  "collectedEntities": Array [
    Object {
      "_class": Array [
        "AccessRole",
      ],
      "_key": "hubspot_role:95124 ",
      "_rawData": Array [
        Object {
          "name": "default",
          "rawData": Object {
            "id": "95124",
            "name": "TestRole",
            "requiresBillingWrite": false,
          },
        },
      ],
      "_type": "hubspot_role",
      "createdOn": undefined,
      "displayName": "TestRole",
      "id": "95124",
      "name": "TestRole",
      "requiresBillingWrite": false,
    },
    Object {
      "_class": Array [
        "AccessRole",
      ],
      "_key": "hubspot_role:95389 ",
      "_rawData": Array [
        Object {
          "name": "default",
          "rawData": Object {
            "id": "95389",
            "name": "SuperRole",
            "requiresBillingWrite": true,
          },
        },
      ],
      "_type": "hubspot_role",
      "createdOn": undefined,
      "displayName": "SuperRole",
      "id": "95389",
      "name": "SuperRole",
      "requiresBillingWrite": true,
    },
    Object {
      "_class": Array [
        "AccessRole",
      ],
      "_key": "hubspot_role:96735 ",
      "_rawData": Array [
        Object {
          "name": "default",
          "rawData": Object {
            "id": "96735",
            "name": "LimitedRole",
            "requiresBillingWrite": false,
          },
        },
      ],
      "_type": "hubspot_role",
      "createdOn": undefined,
      "displayName": "LimitedRole",
      "id": "96735",
      "name": "LimitedRole",
      "requiresBillingWrite": false,
    },
  ],
  "collectedRelationships": Array [],
  "encounteredTypes": Array [
    "hubspot_role",
  ],
  "numCollectedEntities": 3,
  "numCollectedRelationships": 0,
}
`;
