// Jest Snapshot v1, https://goo.gl/fbAQLP

exports[`#fetchRoles should collect data 1`] = `
Object {
  "collectedEntities": Array [
    Object {
      "_class": Array [
        "AccessRole",
      ],
      "_key": "hubspot_role:541452 ",
      "_rawData": Array [
        Object {
          "name": "default",
          "rawData": Object {
            "id": "541452",
            "name": "Test Role",
            "requiresBillingWrite": false,
          },
        },
      ],
      "_type": "hubspot_role",
      "createdOn": undefined,
      "displayName": "Test Role",
      "id": "541452",
      "name": "Test Role",
      "requiresBillingWrite": false,
    },
  ],
  "collectedRelationships": Array [],
  "encounteredTypes": Array [
    "hubspot_role",
  ],
  "numCollectedEntities": 1,
  "numCollectedRelationships": 0,
}
`;
