// Jest Snapshot v1, https://goo.gl/fbAQLP

exports[`#createDomainEntity should convert to entity 1`] = `
Object {
  "_class": Array [
    "Domain",
  ],
  "_key": "hubspot_domain:84106262 ",
  "_rawData": Array [
    Object {
      "name": "default",
      "rawData": Object {
        "archived": false,
        "archivedAt": "2021-06-14T19:38:46.907Z",
        "createdAt": "2021-06-14T19:38:46.907Z",
        "domain": "creativice.com",
        "id": "84106262",
        "updatedAt": "2021-06-14T19:38:46.907Z",
      },
    },
  ],
  "_type": "hubspot_domain",
  "createdOn": 1623699526907,
  "displayName": "creativice.com",
  "domainName": "creativice.com",
  "id": "84106262",
  "name": "creativice.com",
  "updatedOn": 1623699526907,
}
`;
