// Jest Snapshot v1, https://goo.gl/fbAQLP

exports[`#fetchDomains should collect data 1`] = `
Object {
  "collectedEntities": Array [
    Object {
      "_class": Array [
        "Domain",
      ],
      "_key": "hubspot_domain:50322604821 ",
      "_rawData": Array [
        Object {
          "name": "default",
          "rawData": Object {
            "createdAt": "2021-07-07T13:02:35.857Z",
            "domain": "20378619.hubspotpagebuilder.com",
            "expectedCname": "20378619.group19.sites.hubspot.net",
            "id": "50322604821",
            "isHttpsEnabled": true,
            "isHttpsOnly": false,
            "isManuallyMarkedAsResolving": false,
            "isPrimaryBlogPost": false,
            "isPrimaryEmail": false,
            "isPrimaryKnowledge": false,
            "isPrimaryLandingPage": true,
            "isPrimarySitePage": false,
            "isResolving": true,
            "isUsedForBlogPost": false,
            "isUsedForEmail": false,
            "isUsedForKnowledge": false,
            "isUsedForLandingPage": true,
            "isUsedForSitePage": false,
            "redirectTo": "",
            "updatedAt": "2021-07-07T13:02:35.857Z",
          },
        },
      ],
      "_type": "hubspot_domain",
      "createdOn": 1625662955857,
      "displayName": "20378619.hubspotpagebuilder.com",
      "domainName": "20378619.hubspotpagebuilder.com",
      "id": "50322604821",
      "name": "20378619.hubspotpagebuilder.com",
      "updatedOn": 1625662955857,
    },
    Object {
      "_class": Array [
        "Domain",
      ],
      "_key": "hubspot_domain:50322604823 ",
      "_rawData": Array [
        Object {
          "name": "default",
          "rawData": Object {
            "createdAt": "2021-07-07T13:02:36.709Z",
            "domain": "20378619.hs-sites.com",
            "expectedCname": "20378619.group19.sites.hubspot.net",
            "id": "50322604823",
            "isHttpsEnabled": true,
            "isHttpsOnly": false,
            "isManuallyMarkedAsResolving": false,
            "isPrimaryBlogPost": true,
            "isPrimaryEmail": true,
            "isPrimaryKnowledge": true,
            "isPrimaryLandingPage": false,
            "isPrimarySitePage": true,
            "isResolving": true,
            "isUsedForBlogPost": true,
            "isUsedForEmail": true,
            "isUsedForKnowledge": true,
            "isUsedForLandingPage": false,
            "isUsedForSitePage": true,
            "redirectTo": "",
            "updatedAt": "2021-07-07T13:02:36.709Z",
          },
        },
      ],
      "_type": "hubspot_domain",
      "createdOn": 1625662956709,
      "displayName": "20378619.hs-sites.com",
      "domainName": "20378619.hs-sites.com",
      "id": "50322604823",
      "name": "20378619.hs-sites.com",
      "updatedOn": 1625662956709,
    },
  ],
  "collectedRelationships": Array [],
  "encounteredTypes": Array [
    "hubspot_domain",
  ],
  "numCollectedEntities": 2,
  "numCollectedRelationships": 0,
}
`;
