// Jest Snapshot v1, https://goo.gl/fbAQLP

exports[`should collect data 1`] = `
Object {
  "collectedEntities": Array [
    Object {
      "_class": Array [
        "User",
      ],
      "_key": "hubspot-owner-owner-1",
      "_rawData": Array [
        Object {
          "name": "default",
          "rawData": Object {
            "id": "owner-1",
          },
        },
      ],
      "_type": "acme_user",
      "createdOn": undefined,
      "displayName": "Owner One",
      "email": "ownerone@company.tld",
      "firstName": "Owner",
      "id": "owner-1",
      "name": "Owner One",
      "username": "ownerone@company.tld",
    },
  ],
  "collectedRelationships": Array [],
  "encounteredTypes": Array [
    "acme_user",
  ],
  "numCollectedEntities": 1,
  "numCollectedRelationships": 0,
}
`;
