// Jest Snapshot v1, https://goo.gl/fbAQLP

exports[`should collect data 1`] = `
Object {
  "collectedEntities": Array [
    Object {
      "_class": Array [
        "User",
      ],
      "_key": "hubspot-owner-84186927",
      "_rawData": Array [
        Object {
          "name": "default",
          "rawData": Object {
            "id": "84186927",
          },
        },
      ],
      "_type": "acme_user",
      "createdOn": undefined,
      "displayName": "Stephen BOLIVAR",
      "email": "sb@tiringo.com",
      "firstName": "Stephen",
      "id": "84186927",
      "name": "Stephen BOLIVAR",
      "username": "sb@tiringo.com",
    },
  ],
  "collectedRelationships": Array [],
  "encounteredTypes": Array [
    "acme_user",
  ],
  "numCollectedEntities": 1,
  "numCollectedRelationships": 0,
}
`;
