// Jest Snapshot v1, https://goo.gl/fbAQLP

exports[`#createCompanyEntity should convert to entity 1`] = `
Object {
  "_class": Array [
    "Organization",
  ],
  "_key": "hubspot_company:84106264 ",
  "_rawData": Array [
    Object {
      "name": "default",
      "rawData": Object {
        "archived": false,
        "id": "84106264",
        "properties": Object {
          "domain": "awesomecompanydomain.tld",
          "name": "Awesome company",
          "website": "awesomecompanydomain.tld",
        },
      },
    },
  ],
  "_type": "hubspot_company",
  "archived": false,
  "city": "",
  "createdOn": undefined,
  "displayName": "Awesome company",
  "domain": "awesomecompanydomain.tld",
  "host": "awesomecompanydomain.tld",
  "id": "84106264",
  "industry": "",
  "name": "Awesome company",
  "ownerId": "",
  "public": false,
  "updatedOn": undefined,
}
`;
