// Jest Snapshot v1, https://goo.gl/fbAQLP

exports[`#createCompanyEntity should convert to entity 1`] = `
Object {
  "_class": Array [
    "Organization",
  ],
  "_key": "hubspot_company:84106264 ",
  "_rawData": Array [
    Object {
      "name": "default",
      "rawData": Object {
        "archived": false,
        "archivedAt": "2021-06-14T19:38:46.907Z",
        "createdAt": "2021-06-14T19:38:46.907Z",
        "id": "84106264",
        "properties": Object {
          "domain": "awesomecompanydomain.tld",
          "name": "Awesome company",
          "website": "awesomecompanydomain.tld",
        },
        "updatedAt": "2021-06-14T19:38:46.907Z",
      },
    },
  ],
  "_type": "hubspot_company",
  "archived": false,
  "createdOn": 1623699526907,
  "displayName": "Awesome company",
  "emailDomain": "awesomecompanydomain.tld",
  "id": "84106264",
  "name": "Awesome company",
  "updatedOn": 1623699526907,
  "website": "awesomecompanydomain.tld",
}
`;
