// Jest Snapshot v1, https://goo.gl/fbAQLP

exports[`#fetchCompanies should collect data 1`] = `
Object {
  "collectedEntities": Array [
    Object {
      "_class": Array [
        "Organization",
      ],
      "_key": "hubspot_company:12352345462 ",
      "_rawData": Array [
        Object {
          "name": "default",
          "rawData": Object {
            "additionalDomains": Array [],
            "companyId": 12352345462,
            "isDeleted": false,
            "mergeAudits": Array [],
            "portalId": 23884294,
            "properties": Object {
              "address": Object {
                "source": "COMPANY_INSIGHTS",
                "sourceId": "CompanyInsightsPropertyMappings",
                "timestamp": 1675973939671,
                "updatedByUserId": null,
                "value": "THORAIPAKKAM",
                "versions": Array [
                  Object {
                    "name": "address",
                    "persistenceTimestamp": 1675973941746,
                    "source": "COMPANY_INSIGHTS",
                    "sourceId": "CompanyInsightsPropertyMappings",
                    "sourceVid": Array [],
                    "timestamp": 1675973939671,
                    "value": "THORAIPAKKAM",
                  },
                ],
              },
              "annualrevenue": Object {
                "source": "CRM_UI",
                "sourceId": "userId:49422897",
                "timestamp": 1675973938983,
                "updatedByUserId": 49422897,
                "value": "1000000",
                "versions": Array [
                  Object {
                    "name": "annualrevenue",
                    "requestId": "0ade2c3c-47fe-48a5-8416-ab25a995354b",
                    "source": "CRM_UI",
                    "sourceId": "userId:49422897",
                    "sourceVid": Array [],
                    "timestamp": 1675973938983,
                    "updatedByUserId": 49422897,
                    "useTimestampAsPersistenceTimestamp": true,
                    "value": "1000000",
                  },
                ],
              },
              "city": Object {
                "source": "CRM_UI",
                "sourceId": "userId:49422897",
                "timestamp": 1675973938983,
                "updatedByUserId": 49422897,
                "value": "Sofia",
                "versions": Array [
                  Object {
                    "name": "city",
                    "requestId": "0ade2c3c-47fe-48a5-8416-ab25a995354b",
                    "source": "CRM_UI",
                    "sourceId": "userId:49422897",
                    "sourceVid": Array [],
                    "timestamp": 1675973938983,
                    "updatedByUserId": 49422897,
                    "useTimestampAsPersistenceTimestamp": true,
                    "value": "Sofia",
                  },
                ],
              },
              "country": Object {
                "source": "COMPANY_INSIGHTS",
                "sourceId": "CompanyInsightsPropertyMappings",
                "timestamp": 1675973939671,
                "updatedByUserId": null,
                "value": "Bulgaria",
                "versions": Array [
                  Object {
                    "name": "country",
                    "persistenceTimestamp": 1675973941746,
                    "source": "COMPANY_INSIGHTS",
                    "sourceId": "CompanyInsightsPropertyMappings",
                    "sourceVid": Array [],
                    "timestamp": 1675973939671,
                    "value": "Bulgaria",
                  },
                ],
              },
              "createdate": Object {
                "source": "CRM_UI",
                "sourceId": "userId:49422897",
                "timestamp": 1675973938983,
                "updatedByUserId": 49422897,
                "value": "1675973938983",
                "versions": Array [
                  Object {
                    "name": "createdate",
                    "requestId": "0ade2c3c-47fe-48a5-8416-ab25a995354b",
                    "source": "CRM_UI",
                    "sourceId": "userId:49422897",
                    "sourceVid": Array [],
                    "timestamp": 1675973938983,
                    "updatedByUserId": 49422897,
                    "useTimestampAsPersistenceTimestamp": true,
                    "value": "1675973938983",
                  },
                ],
              },
              "description": Object {
                "source": "CRM_UI",
                "sourceId": "userId:49422897",
                "timestamp": 1675973938983,
                "updatedByUserId": 49422897,
                "value": "test leveraging our deep domain expertise and technology skills. Our solution driven approach takes into account a client's current environment while ensuring flexibility and scalability to grow with the enterprise. We transform your business with technology.",
                "versions": Array [
                  Object {
                    "name": "description",
                    "requestId": "0ade2c3c-47fe-48a5-8416-ab25a995354b",
                    "source": "CRM_UI",
                    "sourceId": "userId:49422897",
                    "sourceVid": Array [],
                    "timestamp": 1675973938983,
                    "updatedByUserId": 49422897,
                    "useTimestampAsPersistenceTimestamp": true,
                    "value": "test leveraging our deep domain expertise and technology skills. Our solution driven approach takes into account a client's current environment while ensuring flexibility and scalability to grow with the enterprise. We transform your business with technology.",
                  },
                ],
              },
              "domain": Object {
                "source": "CRM_UI",
                "sourceId": "userId:49422897",
                "timestamp": 1675973938983,
                "updatedByUserId": 49422897,
                "value": "test3.com",
                "versions": Array [
                  Object {
                    "name": "domain",
                    "requestId": "0ade2c3c-47fe-48a5-8416-ab25a995354b",
                    "source": "CRM_UI",
                    "sourceId": "userId:49422897",
                    "sourceVid": Array [],
                    "timestamp": 1675973938983,
                    "updatedByUserId": 49422897,
                    "useTimestampAsPersistenceTimestamp": true,
                    "value": "test3.com",
                  },
                ],
              },
              "founded_year": Object {
                "source": "COMPANY_INSIGHTS",
                "sourceId": "CompanyInsightsPropertyMappings",
                "timestamp": 1675973939671,
                "updatedByUserId": null,
                "value": "2013",
                "versions": Array [
                  Object {
                    "name": "founded_year",
                    "persistenceTimestamp": 1675973941746,
                    "source": "COMPANY_INSIGHTS",
                    "sourceId": "CompanyInsightsPropertyMappings",
                    "sourceVid": Array [],
                    "timestamp": 1675973939671,
                    "value": "2013",
                  },
                ],
              },
              "hs_all_owner_ids": Object {
                "source": "CRM_UI",
                "sourceId": "userId:49422897",
                "timestamp": 1675973938983,
                "updatedByUserId": 49422897,
                "value": "317862822",
                "versions": Array [
                  Object {
                    "name": "hs_all_owner_ids",
                    "requestId": "0ade2c3c-47fe-48a5-8416-ab25a995354b",
                    "source": "CRM_UI",
                    "sourceId": "userId:49422897",
                    "sourceVid": Array [],
                    "timestamp": 1675973938983,
                    "updatedByUserId": 49422897,
                    "useTimestampAsPersistenceTimestamp": true,
                    "value": "317862822",
                  },
                ],
              },
              "hs_created_by_user_id": Object {
                "source": "CRM_UI",
                "sourceId": "userId:49422897",
                "timestamp": 1675973938983,
                "updatedByUserId": 49422897,
                "value": "49422897",
                "versions": Array [
                  Object {
                    "name": "hs_created_by_user_id",
                    "requestId": "0ade2c3c-47fe-48a5-8416-ab25a995354b",
                    "source": "CRM_UI",
                    "sourceId": "userId:49422897",
                    "sourceVid": Array [],
                    "timestamp": 1675973938983,
                    "updatedByUserId": 49422897,
                    "useTimestampAsPersistenceTimestamp": true,
                    "value": "49422897",
                  },
                ],
              },
              "hs_lastmodifieddate": Object {
                "source": "SALES",
                "sourceId": null,
                "timestamp": 1675973940577,
                "updatedByUserId": null,
                "value": "1675973940577",
                "versions": Array [
                  Object {
                    "name": "hs_lastmodifieddate",
                    "source": "SALES",
                    "sourceVid": Array [],
                    "timestamp": 1675973940577,
                    "useTimestampAsPersistenceTimestamp": true,
                    "value": "1675973940577",
                  },
                ],
              },
              "hs_num_blockers": Object {
                "source": "CALCULATED",
                "sourceId": "RollupProperties",
                "timestamp": 1675973939747,
                "updatedByUserId": null,
                "value": "0",
                "versions": Array [
                  Object {
                    "name": "hs_num_blockers",
                    "persistenceTimestamp": 1675973941746,
                    "source": "CALCULATED",
                    "sourceId": "RollupProperties",
                    "sourceVid": Array [],
                    "timestamp": 1675973939747,
                    "value": "0",
                  },
                ],
              },
              "hs_num_child_companies": Object {
                "source": "CALCULATED",
                "sourceId": "RollupProperties",
                "timestamp": 1675973939747,
                "updatedByUserId": null,
                "value": "0",
                "versions": Array [
                  Object {
                    "name": "hs_num_child_companies",
                    "persistenceTimestamp": 1675973941746,
                    "source": "CALCULATED",
                    "sourceId": "RollupProperties",
                    "sourceVid": Array [],
                    "timestamp": 1675973939747,
                    "value": "0",
                  },
                ],
              },
              "hs_num_contacts_with_buying_roles": Object {
                "source": "CALCULATED",
                "sourceId": "RollupProperties",
                "timestamp": 1675973939747,
                "updatedByUserId": null,
                "value": "0",
                "versions": Array [
                  Object {
                    "name": "hs_num_contacts_with_buying_roles",
                    "persistenceTimestamp": 1675973941746,
                    "source": "CALCULATED",
                    "sourceId": "RollupProperties",
                    "sourceVid": Array [],
                    "timestamp": 1675973939747,
                    "value": "0",
                  },
                ],
              },
              "hs_num_decision_makers": Object {
                "source": "CALCULATED",
                "sourceId": "RollupProperties",
                "timestamp": 1675973939748,
                "updatedByUserId": null,
                "value": "0",
                "versions": Array [
                  Object {
                    "name": "hs_num_decision_makers",
                    "persistenceTimestamp": 1675973941746,
                    "source": "CALCULATED",
                    "sourceId": "RollupProperties",
                    "sourceVid": Array [],
                    "timestamp": 1675973939748,
                    "value": "0",
                  },
                ],
              },
              "hs_num_open_deals": Object {
                "source": "CALCULATED",
                "sourceId": "RollupProperties",
                "timestamp": 1675973939748,
                "updatedByUserId": null,
                "value": "0",
                "versions": Array [
                  Object {
                    "name": "hs_num_open_deals",
                    "persistenceTimestamp": 1675973941746,
                    "source": "CALCULATED",
                    "sourceId": "RollupProperties",
                    "sourceVid": Array [],
                    "timestamp": 1675973939748,
                    "value": "0",
                  },
                ],
              },
              "hs_object_id": Object {
                "source": "CRM_UI",
                "sourceId": "userId:49422897",
                "timestamp": 1675973938983,
                "updatedByUserId": 49422897,
                "value": "12352345462",
                "versions": Array [
                  Object {
                    "name": "hs_object_id",
                    "requestId": "0ade2c3c-47fe-48a5-8416-ab25a995354b",
                    "source": "CRM_UI",
                    "sourceId": "userId:49422897",
                    "sourceVid": Array [],
                    "timestamp": 1675973938983,
                    "updatedByUserId": 49422897,
                    "useTimestampAsPersistenceTimestamp": true,
                    "value": "12352345462",
                  },
                ],
              },
              "hs_pipeline": Object {
                "source": "CRM_UI",
                "sourceId": "userId:49422897",
                "timestamp": 1675973938983,
                "updatedByUserId": 49422897,
                "value": "companies-lifecycle-pipeline",
                "versions": Array [
                  Object {
                    "name": "hs_pipeline",
                    "requestId": "0ade2c3c-47fe-48a5-8416-ab25a995354b",
                    "source": "CRM_UI",
                    "sourceId": "userId:49422897",
                    "sourceVid": Array [],
                    "timestamp": 1675973938983,
                    "updatedByUserId": 49422897,
                    "useTimestampAsPersistenceTimestamp": true,
                    "value": "companies-lifecycle-pipeline",
                  },
                ],
              },
              "hs_target_account_probability": Object {
                "source": "SALES",
                "sourceId": null,
                "timestamp": 1675973940577,
                "updatedByUserId": null,
                "value": "0.49565839767456055",
                "versions": Array [
                  Object {
                    "name": "hs_target_account_probability",
                    "source": "SALES",
                    "sourceVid": Array [],
                    "timestamp": 1675973940577,
                    "useTimestampAsPersistenceTimestamp": true,
                    "value": "0.49565839767456055",
                  },
                ],
              },
              "hs_updated_by_user_id": Object {
                "source": "CRM_UI",
                "sourceId": "userId:49422897",
                "timestamp": 1675973938983,
                "updatedByUserId": 49422897,
                "value": "49422897",
                "versions": Array [
                  Object {
                    "name": "hs_updated_by_user_id",
                    "requestId": "0ade2c3c-47fe-48a5-8416-ab25a995354b",
                    "source": "CRM_UI",
                    "sourceId": "userId:49422897",
                    "sourceVid": Array [],
                    "timestamp": 1675973938983,
                    "updatedByUserId": 49422897,
                    "useTimestampAsPersistenceTimestamp": true,
                    "value": "49422897",
                  },
                ],
              },
              "hs_user_ids_of_all_owners": Object {
                "source": "CRM_UI",
                "sourceId": "userId:49422897",
                "timestamp": 1675973938983,
                "updatedByUserId": 49422897,
                "value": "49422897",
                "versions": Array [
                  Object {
                    "name": "hs_user_ids_of_all_owners",
                    "requestId": "0ade2c3c-47fe-48a5-8416-ab25a995354b",
                    "source": "CRM_UI",
                    "sourceId": "userId:49422897",
                    "sourceVid": Array [],
                    "timestamp": 1675973938983,
                    "updatedByUserId": 49422897,
                    "useTimestampAsPersistenceTimestamp": true,
                    "value": "49422897",
                  },
                ],
              },
              "hubspot_owner_assigneddate": Object {
                "source": "CRM_UI",
                "sourceId": "userId:49422897",
                "timestamp": 1675973938983,
                "updatedByUserId": 49422897,
                "value": "1675973938983",
                "versions": Array [
                  Object {
                    "name": "hubspot_owner_assigneddate",
                    "requestId": "0ade2c3c-47fe-48a5-8416-ab25a995354b",
                    "source": "CRM_UI",
                    "sourceId": "userId:49422897",
                    "sourceVid": Array [],
                    "timestamp": 1675973938983,
                    "updatedByUserId": 49422897,
                    "useTimestampAsPersistenceTimestamp": true,
                    "value": "1675973938983",
                  },
                ],
              },
              "hubspot_owner_id": Object {
                "source": "CRM_UI",
                "sourceId": "userId:49422897",
                "timestamp": 1675973938983,
                "updatedByUserId": 49422897,
                "value": "317862822",
                "versions": Array [
                  Object {
                    "name": "hubspot_owner_id",
                    "requestId": "0ade2c3c-47fe-48a5-8416-ab25a995354b",
                    "source": "CRM_UI",
                    "sourceId": "userId:49422897",
                    "sourceVid": Array [],
                    "timestamp": 1675973938983,
                    "updatedByUserId": 49422897,
                    "useTimestampAsPersistenceTimestamp": true,
                    "value": "317862822",
                  },
                ],
              },
              "is_public": Object {
                "source": "COMPANY_INSIGHTS",
                "sourceId": "CompanyInsightsPropertyMappings",
                "timestamp": 1675973939671,
                "updatedByUserId": null,
                "value": "false",
                "versions": Array [
                  Object {
                    "name": "is_public",
                    "persistenceTimestamp": 1675973941746,
                    "source": "COMPANY_INSIGHTS",
                    "sourceId": "CompanyInsightsPropertyMappings",
                    "sourceVid": Array [],
                    "timestamp": 1675973939671,
                    "value": "false",
                  },
                ],
              },
              "lifecyclestage": Object {
                "source": "CRM_UI",
                "sourceId": "userId:49422897",
                "timestamp": 1675973938983,
                "updatedByUserId": 49422897,
                "value": "lead",
                "versions": Array [
                  Object {
                    "name": "lifecyclestage",
                    "requestId": "0ade2c3c-47fe-48a5-8416-ab25a995354b",
                    "source": "CRM_UI",
                    "sourceId": "userId:49422897",
                    "sourceVid": Array [],
                    "timestamp": 1675973938983,
                    "updatedByUserId": 49422897,
                    "useTimestampAsPersistenceTimestamp": true,
                    "value": "lead",
                  },
                ],
              },
              "linkedin_company_page": Object {
                "source": "CRM_UI",
                "sourceId": "userId:49422897",
                "timestamp": 1675973938983,
                "updatedByUserId": 49422897,
                "value": "https://www.linkedin.com/company/inveniti",
                "versions": Array [
                  Object {
                    "name": "linkedin_company_page",
                    "requestId": "0ade2c3c-47fe-48a5-8416-ab25a995354b",
                    "source": "CRM_UI",
                    "sourceId": "userId:49422897",
                    "sourceVid": Array [],
                    "timestamp": 1675973938983,
                    "updatedByUserId": 49422897,
                    "useTimestampAsPersistenceTimestamp": true,
                    "value": "https://www.linkedin.com/company/inveniti",
                  },
                ],
              },
              "linkedinbio": Object {
                "source": "COMPANY_INSIGHTS",
                "sourceId": "CompanyInsightsPropertyMappings",
                "timestamp": 1675973939671,
                "updatedByUserId": null,
                "value": "test leveraging our deep domain expertise and technology skills. Our solution driven approach takes into account a client's current environment while ensuring flexibility and scalability to grow with the enterprise. We transform your business with technology.",
                "versions": Array [
                  Object {
                    "name": "linkedinbio",
                    "persistenceTimestamp": 1675973941746,
                    "source": "COMPANY_INSIGHTS",
                    "sourceId": "CompanyInsightsPropertyMappings",
                    "sourceVid": Array [],
                    "timestamp": 1675973939671,
                    "value": "test leveraging our deep domain expertise and technology skills. Our solution driven approach takes into account a client's current environment while ensuring flexibility and scalability to grow with the enterprise. We transform your business with technology.",
                  },
                ],
              },
              "name": Object {
                "source": "CRM_UI",
                "sourceId": "userId:49422897",
                "timestamp": 1675973938983,
                "updatedByUserId": 49422897,
                "value": "testme3",
                "versions": Array [
                  Object {
                    "name": "name",
                    "requestId": "0ade2c3c-47fe-48a5-8416-ab25a995354b",
                    "source": "CRM_UI",
                    "sourceId": "userId:49422897",
                    "sourceVid": Array [],
                    "timestamp": 1675973938983,
                    "updatedByUserId": 49422897,
                    "useTimestampAsPersistenceTimestamp": true,
                    "value": "testme3",
                  },
                ],
              },
              "num_associated_contacts": Object {
                "source": "CALCULATED",
                "sourceId": "RollupProperties",
                "timestamp": 1675973939747,
                "updatedByUserId": null,
                "value": "0",
                "versions": Array [
                  Object {
                    "name": "num_associated_contacts",
                    "persistenceTimestamp": 1675973941746,
                    "source": "CALCULATED",
                    "sourceId": "RollupProperties",
                    "sourceVid": Array [],
                    "timestamp": 1675973939747,
                    "value": "0",
                  },
                ],
              },
              "numberofemployees": Object {
                "source": "CRM_UI",
                "sourceId": "userId:49422897",
                "timestamp": 1675973938983,
                "updatedByUserId": 49422897,
                "value": "10",
                "versions": Array [
                  Object {
                    "name": "numberofemployees",
                    "requestId": "0ade2c3c-47fe-48a5-8416-ab25a995354b",
                    "source": "CRM_UI",
                    "sourceId": "userId:49422897",
                    "sourceVid": Array [],
                    "timestamp": 1675973938983,
                    "updatedByUserId": 49422897,
                    "useTimestampAsPersistenceTimestamp": true,
                    "value": "10",
                  },
                ],
              },
              "state": Object {
                "source": "CRM_UI",
                "sourceId": "userId:49422897",
                "timestamp": 1675973938983,
                "updatedByUserId": 49422897,
                "value": "Sofia City Province",
                "versions": Array [
                  Object {
                    "name": "state",
                    "requestId": "0ade2c3c-47fe-48a5-8416-ab25a995354b",
                    "source": "CRM_UI",
                    "sourceId": "userId:49422897",
                    "sourceVid": Array [],
                    "timestamp": 1675973938983,
                    "updatedByUserId": 49422897,
                    "useTimestampAsPersistenceTimestamp": true,
                    "value": "Sofia City Province",
                  },
                ],
              },
              "timezone": Object {
                "source": "CRM_UI",
                "sourceId": "userId:49422897",
                "timestamp": 1675973938983,
                "updatedByUserId": 49422897,
                "value": "Europe/Sofia",
                "versions": Array [
                  Object {
                    "name": "timezone",
                    "requestId": "0ade2c3c-47fe-48a5-8416-ab25a995354b",
                    "source": "CRM_UI",
                    "sourceId": "userId:49422897",
                    "sourceVid": Array [],
                    "timestamp": 1675973938983,
                    "updatedByUserId": 49422897,
                    "useTimestampAsPersistenceTimestamp": true,
                    "value": "Europe/Sofia",
                  },
                ],
              },
              "web_technologies": Object {
                "source": "COMPANY_INSIGHTS",
                "sourceId": "CompanyInsightsPropertyMappings",
                "timestamp": 1675973939671,
                "updatedByUserId": null,
                "value": "linode_hosting;godaddy_nameserver;amazon__cloudfront",
                "versions": Array [
                  Object {
                    "name": "web_technologies",
                    "persistenceTimestamp": 1675973941746,
                    "source": "COMPANY_INSIGHTS",
                    "sourceId": "CompanyInsightsPropertyMappings",
                    "sourceVid": Array [],
                    "timestamp": 1675973939671,
                    "value": "linode_hosting;godaddy_nameserver;amazon__cloudfront",
                  },
                ],
              },
              "website": Object {
                "source": "CALCULATED",
                "sourceId": null,
                "timestamp": 1675973938983,
                "updatedByUserId": 49422897,
                "value": "test3.com",
                "versions": Array [
                  Object {
                    "name": "website",
                    "requestId": "0ade2c3c-47fe-48a5-8416-ab25a995354b",
                    "source": "CALCULATED",
                    "sourceVid": Array [],
                    "timestamp": 1675973938983,
                    "updatedByUserId": 49422897,
                    "useTimestampAsPersistenceTimestamp": true,
                    "value": "test3.com",
                  },
                ],
              },
            },
            "stateChanges": Array [],
          },
        },
      ],
      "_type": "hubspot_company",
      "archived": false,
      "city": "Sofia",
      "createdOn": 1675973938983,
      "displayName": "testme3",
      "domain": "test3.com",
      "external": true,
      "host": "test3.com",
      "id": "12352345462",
      "industry": undefined,
      "name": "testme3",
      "ownerId": "317862822",
      "portalId": 23884294,
      "public": false,
      "updatedOn": 1675973940577,
      "website": undefined,
    },
    Object {
      "_class": Array [
        "Organization",
      ],
      "_key": "hubspot_company:12352345455 ",
      "_rawData": Array [
        Object {
          "name": "default",
          "rawData": Object {
            "additionalDomains": Array [],
            "companyId": 12352345455,
            "isDeleted": false,
            "mergeAudits": Array [],
            "portalId": 23884294,
            "properties": Object {
              "annualrevenue": Object {
                "source": "CRM_UI",
                "sourceId": "userId:49422897",
                "timestamp": 1675973929111,
                "updatedByUserId": 49422897,
                "value": "1000000",
                "versions": Array [
                  Object {
                    "name": "annualrevenue",
                    "requestId": "6b4dcf86-ea28-472c-a7f5-4fa11a720fa7",
                    "source": "CRM_UI",
                    "sourceId": "userId:49422897",
                    "sourceVid": Array [],
                    "timestamp": 1675973929111,
                    "updatedByUserId": 49422897,
                    "useTimestampAsPersistenceTimestamp": true,
                    "value": "1000000",
                  },
                ],
              },
              "createdate": Object {
                "source": "CRM_UI",
                "sourceId": "userId:49422897",
                "timestamp": 1675973929111,
                "updatedByUserId": 49422897,
                "value": "1675973929111",
                "versions": Array [
                  Object {
                    "name": "createdate",
                    "requestId": "6b4dcf86-ea28-472c-a7f5-4fa11a720fa7",
                    "source": "CRM_UI",
                    "sourceId": "userId:49422897",
                    "sourceVid": Array [],
                    "timestamp": 1675973929111,
                    "updatedByUserId": 49422897,
                    "useTimestampAsPersistenceTimestamp": true,
                    "value": "1675973929111",
                  },
                ],
              },
              "domain": Object {
                "source": "CRM_UI",
                "sourceId": "userId:49422897",
                "timestamp": 1675973929111,
                "updatedByUserId": 49422897,
                "value": "test2.com",
                "versions": Array [
                  Object {
                    "name": "domain",
                    "requestId": "6b4dcf86-ea28-472c-a7f5-4fa11a720fa7",
                    "source": "CRM_UI",
                    "sourceId": "userId:49422897",
                    "sourceVid": Array [],
                    "timestamp": 1675973929111,
                    "updatedByUserId": 49422897,
                    "useTimestampAsPersistenceTimestamp": true,
                    "value": "test2.com",
                  },
                ],
              },
              "founded_year": Object {
                "source": "COMPANY_INSIGHTS",
                "sourceId": "CompanyInsightsPropertyMappings",
                "timestamp": 1675973929599,
                "updatedByUserId": null,
                "value": "2012",
                "versions": Array [
                  Object {
                    "name": "founded_year",
                    "persistenceTimestamp": 1675973931124,
                    "source": "COMPANY_INSIGHTS",
                    "sourceId": "CompanyInsightsPropertyMappings",
                    "sourceVid": Array [],
                    "timestamp": 1675973929599,
                    "value": "2012",
                  },
                ],
              },
              "hs_all_owner_ids": Object {
                "source": "CRM_UI",
                "sourceId": "userId:49422897",
                "timestamp": 1675973929111,
                "updatedByUserId": 49422897,
                "value": "317862822",
                "versions": Array [
                  Object {
                    "name": "hs_all_owner_ids",
                    "requestId": "6b4dcf86-ea28-472c-a7f5-4fa11a720fa7",
                    "source": "CRM_UI",
                    "sourceId": "userId:49422897",
                    "sourceVid": Array [],
                    "timestamp": 1675973929111,
                    "updatedByUserId": 49422897,
                    "useTimestampAsPersistenceTimestamp": true,
                    "value": "317862822",
                  },
                ],
              },
              "hs_created_by_user_id": Object {
                "source": "CRM_UI",
                "sourceId": "userId:49422897",
                "timestamp": 1675973929111,
                "updatedByUserId": 49422897,
                "value": "49422897",
                "versions": Array [
                  Object {
                    "name": "hs_created_by_user_id",
                    "requestId": "6b4dcf86-ea28-472c-a7f5-4fa11a720fa7",
                    "source": "CRM_UI",
                    "sourceId": "userId:49422897",
                    "sourceVid": Array [],
                    "timestamp": 1675973929111,
                    "updatedByUserId": 49422897,
                    "useTimestampAsPersistenceTimestamp": true,
                    "value": "49422897",
                  },
                ],
              },
              "hs_lastmodifieddate": Object {
                "source": "SALES",
                "sourceId": null,
                "timestamp": 1675973932710,
                "updatedByUserId": null,
                "value": "1675973932710",
                "versions": Array [
                  Object {
                    "name": "hs_lastmodifieddate",
                    "source": "SALES",
                    "sourceVid": Array [],
                    "timestamp": 1675973932710,
                    "useTimestampAsPersistenceTimestamp": true,
                    "value": "1675973932710",
                  },
                ],
              },
              "hs_num_blockers": Object {
                "source": "CALCULATED",
                "sourceId": "RollupProperties",
                "timestamp": 1675973930174,
                "updatedByUserId": null,
                "value": "0",
                "versions": Array [
                  Object {
                    "name": "hs_num_blockers",
                    "source": "CALCULATED",
                    "sourceId": "RollupProperties",
                    "sourceVid": Array [],
                    "timestamp": 1675973930174,
                    "useTimestampAsPersistenceTimestamp": true,
                    "value": "0",
                  },
                ],
              },
              "hs_num_child_companies": Object {
                "source": "CALCULATED",
                "sourceId": "RollupProperties",
                "timestamp": 1675973930174,
                "updatedByUserId": null,
                "value": "0",
                "versions": Array [
                  Object {
                    "name": "hs_num_child_companies",
                    "source": "CALCULATED",
                    "sourceId": "RollupProperties",
                    "sourceVid": Array [],
                    "timestamp": 1675973930174,
                    "useTimestampAsPersistenceTimestamp": true,
                    "value": "0",
                  },
                ],
              },
              "hs_num_contacts_with_buying_roles": Object {
                "source": "CALCULATED",
                "sourceId": "RollupProperties",
                "timestamp": 1675973930174,
                "updatedByUserId": null,
                "value": "0",
                "versions": Array [
                  Object {
                    "name": "hs_num_contacts_with_buying_roles",
                    "source": "CALCULATED",
                    "sourceId": "RollupProperties",
                    "sourceVid": Array [],
                    "timestamp": 1675973930174,
                    "useTimestampAsPersistenceTimestamp": true,
                    "value": "0",
                  },
                ],
              },
              "hs_num_decision_makers": Object {
                "source": "CALCULATED",
                "sourceId": "RollupProperties",
                "timestamp": 1675973930174,
                "updatedByUserId": null,
                "value": "0",
                "versions": Array [
                  Object {
                    "name": "hs_num_decision_makers",
                    "source": "CALCULATED",
                    "sourceId": "RollupProperties",
                    "sourceVid": Array [],
                    "timestamp": 1675973930174,
                    "useTimestampAsPersistenceTimestamp": true,
                    "value": "0",
                  },
                ],
              },
              "hs_num_open_deals": Object {
                "source": "CALCULATED",
                "sourceId": "RollupProperties",
                "timestamp": 1675973930174,
                "updatedByUserId": null,
                "value": "0",
                "versions": Array [
                  Object {
                    "name": "hs_num_open_deals",
                    "source": "CALCULATED",
                    "sourceId": "RollupProperties",
                    "sourceVid": Array [],
                    "timestamp": 1675973930174,
                    "useTimestampAsPersistenceTimestamp": true,
                    "value": "0",
                  },
                ],
              },
              "hs_object_id": Object {
                "source": "CRM_UI",
                "sourceId": "userId:49422897",
                "timestamp": 1675973929111,
                "updatedByUserId": 49422897,
                "value": "12352345455",
                "versions": Array [
                  Object {
                    "name": "hs_object_id",
                    "requestId": "6b4dcf86-ea28-472c-a7f5-4fa11a720fa7",
                    "source": "CRM_UI",
                    "sourceId": "userId:49422897",
                    "sourceVid": Array [],
                    "timestamp": 1675973929111,
                    "updatedByUserId": 49422897,
                    "useTimestampAsPersistenceTimestamp": true,
                    "value": "12352345455",
                  },
                ],
              },
              "hs_pipeline": Object {
                "source": "CRM_UI",
                "sourceId": "userId:49422897",
                "timestamp": 1675973929111,
                "updatedByUserId": 49422897,
                "value": "companies-lifecycle-pipeline",
                "versions": Array [
                  Object {
                    "name": "hs_pipeline",
                    "requestId": "6b4dcf86-ea28-472c-a7f5-4fa11a720fa7",
                    "source": "CRM_UI",
                    "sourceId": "userId:49422897",
                    "sourceVid": Array [],
                    "timestamp": 1675973929111,
                    "updatedByUserId": 49422897,
                    "useTimestampAsPersistenceTimestamp": true,
                    "value": "companies-lifecycle-pipeline",
                  },
                ],
              },
              "hs_target_account_probability": Object {
                "source": "SALES",
                "sourceId": null,
                "timestamp": 1675973932710,
                "updatedByUserId": null,
                "value": "0.4076234698295593",
                "versions": Array [
                  Object {
                    "name": "hs_target_account_probability",
                    "source": "SALES",
                    "sourceVid": Array [],
                    "timestamp": 1675973932710,
                    "useTimestampAsPersistenceTimestamp": true,
                    "value": "0.4076234698295593",
                  },
                ],
              },
              "hs_updated_by_user_id": Object {
                "source": "CRM_UI",
                "sourceId": "userId:49422897",
                "timestamp": 1675973929111,
                "updatedByUserId": 49422897,
                "value": "49422897",
                "versions": Array [
                  Object {
                    "name": "hs_updated_by_user_id",
                    "requestId": "6b4dcf86-ea28-472c-a7f5-4fa11a720fa7",
                    "source": "CRM_UI",
                    "sourceId": "userId:49422897",
                    "sourceVid": Array [],
                    "timestamp": 1675973929111,
                    "updatedByUserId": 49422897,
                    "useTimestampAsPersistenceTimestamp": true,
                    "value": "49422897",
                  },
                ],
              },
              "hs_user_ids_of_all_owners": Object {
                "source": "CRM_UI",
                "sourceId": "userId:49422897",
                "timestamp": 1675973929111,
                "updatedByUserId": 49422897,
                "value": "49422897",
                "versions": Array [
                  Object {
                    "name": "hs_user_ids_of_all_owners",
                    "requestId": "6b4dcf86-ea28-472c-a7f5-4fa11a720fa7",
                    "source": "CRM_UI",
                    "sourceId": "userId:49422897",
                    "sourceVid": Array [],
                    "timestamp": 1675973929111,
                    "updatedByUserId": 49422897,
                    "useTimestampAsPersistenceTimestamp": true,
                    "value": "49422897",
                  },
                ],
              },
              "hubspot_owner_assigneddate": Object {
                "source": "CRM_UI",
                "sourceId": "userId:49422897",
                "timestamp": 1675973929111,
                "updatedByUserId": 49422897,
                "value": "1675973929111",
                "versions": Array [
                  Object {
                    "name": "hubspot_owner_assigneddate",
                    "requestId": "6b4dcf86-ea28-472c-a7f5-4fa11a720fa7",
                    "source": "CRM_UI",
                    "sourceId": "userId:49422897",
                    "sourceVid": Array [],
                    "timestamp": 1675973929111,
                    "updatedByUserId": 49422897,
                    "useTimestampAsPersistenceTimestamp": true,
                    "value": "1675973929111",
                  },
                ],
              },
              "hubspot_owner_id": Object {
                "source": "CRM_UI",
                "sourceId": "userId:49422897",
                "timestamp": 1675973929111,
                "updatedByUserId": 49422897,
                "value": "317862822",
                "versions": Array [
                  Object {
                    "name": "hubspot_owner_id",
                    "requestId": "6b4dcf86-ea28-472c-a7f5-4fa11a720fa7",
                    "source": "CRM_UI",
                    "sourceId": "userId:49422897",
                    "sourceVid": Array [],
                    "timestamp": 1675973929111,
                    "updatedByUserId": 49422897,
                    "useTimestampAsPersistenceTimestamp": true,
                    "value": "317862822",
                  },
                ],
              },
              "lifecyclestage": Object {
                "source": "CRM_UI",
                "sourceId": "userId:49422897",
                "timestamp": 1675973929111,
                "updatedByUserId": 49422897,
                "value": "lead",
                "versions": Array [
                  Object {
                    "name": "lifecyclestage",
                    "requestId": "6b4dcf86-ea28-472c-a7f5-4fa11a720fa7",
                    "source": "CRM_UI",
                    "sourceId": "userId:49422897",
                    "sourceVid": Array [],
                    "timestamp": 1675973929111,
                    "updatedByUserId": 49422897,
                    "useTimestampAsPersistenceTimestamp": true,
                    "value": "lead",
                  },
                ],
              },
              "linkedin_company_page": Object {
                "source": "CRM_UI",
                "sourceId": "userId:49422897",
                "timestamp": 1675973929111,
                "updatedByUserId": 49422897,
                "value": "https://www.linkedin.com/company/how-lc",
                "versions": Array [
                  Object {
                    "name": "linkedin_company_page",
                    "requestId": "6b4dcf86-ea28-472c-a7f5-4fa11a720fa7",
                    "source": "CRM_UI",
                    "sourceId": "userId:49422897",
                    "sourceVid": Array [],
                    "timestamp": 1675973929111,
                    "updatedByUserId": 49422897,
                    "useTimestampAsPersistenceTimestamp": true,
                    "value": "https://www.linkedin.com/company/how-lc",
                  },
                ],
              },
              "name": Object {
                "source": "CRM_UI",
                "sourceId": "userId:49422897",
                "timestamp": 1675973929111,
                "updatedByUserId": 49422897,
                "value": "Test 2",
                "versions": Array [
                  Object {
                    "name": "name",
                    "requestId": "6b4dcf86-ea28-472c-a7f5-4fa11a720fa7",
                    "source": "CRM_UI",
                    "sourceId": "userId:49422897",
                    "sourceVid": Array [],
                    "timestamp": 1675973929111,
                    "updatedByUserId": 49422897,
                    "useTimestampAsPersistenceTimestamp": true,
                    "value": "Test 2",
                  },
                ],
              },
              "num_associated_contacts": Object {
                "source": "CALCULATED",
                "sourceId": "RollupProperties",
                "timestamp": 1675973930174,
                "updatedByUserId": null,
                "value": "0",
                "versions": Array [
                  Object {
                    "name": "num_associated_contacts",
                    "source": "CALCULATED",
                    "sourceId": "RollupProperties",
                    "sourceVid": Array [],
                    "timestamp": 1675973930174,
                    "useTimestampAsPersistenceTimestamp": true,
                    "value": "0",
                  },
                ],
              },
              "numberofemployees": Object {
                "source": "CRM_UI",
                "sourceId": "userId:49422897",
                "timestamp": 1675973929111,
                "updatedByUserId": 49422897,
                "value": "10",
                "versions": Array [
                  Object {
                    "name": "numberofemployees",
                    "requestId": "6b4dcf86-ea28-472c-a7f5-4fa11a720fa7",
                    "source": "CRM_UI",
                    "sourceId": "userId:49422897",
                    "sourceVid": Array [],
                    "timestamp": 1675973929111,
                    "updatedByUserId": 49422897,
                    "useTimestampAsPersistenceTimestamp": true,
                    "value": "10",
                  },
                ],
              },
              "website": Object {
                "source": "CALCULATED",
                "sourceId": null,
                "timestamp": 1675973929111,
                "updatedByUserId": 49422897,
                "value": "test2.com",
                "versions": Array [
                  Object {
                    "name": "website",
                    "requestId": "6b4dcf86-ea28-472c-a7f5-4fa11a720fa7",
                    "source": "CALCULATED",
                    "sourceVid": Array [],
                    "timestamp": 1675973929111,
                    "updatedByUserId": 49422897,
                    "useTimestampAsPersistenceTimestamp": true,
                    "value": "test2.com",
                  },
                ],
              },
            },
            "stateChanges": Array [],
          },
        },
      ],
      "_type": "hubspot_company",
      "archived": false,
      "city": undefined,
      "createdOn": 1675973929111,
      "displayName": "Test 2",
      "domain": "test2.com",
      "external": true,
      "host": "test2.com",
      "id": "12352345455",
      "industry": undefined,
      "name": "Test 2",
      "ownerId": "317862822",
      "portalId": 23884294,
      "public": false,
      "updatedOn": 1675973932710,
      "website": undefined,
    },
  ],
  "collectedRelationships": Array [],
  "encounteredTypes": Array [
    "hubspot_company",
  ],
  "numCollectedEntities": 2,
  "numCollectedRelationships": 0,
}
`;
