// Jest Snapshot v1, https://goo.gl/fbAQLP

exports[`#fetchCompanies should collect data 1`] = `
Object {
  "collectedEntities": Array [
    Object {
      "_class": Array [
        "Organization",
      ],
      "_key": "hubspot_company:6534491450 ",
      "_rawData": Array [
        Object {
          "name": "default",
          "rawData": SimplePublicObjectWithAssociations {
            "archived": false,
            "archivedAt": undefined,
            "associations": undefined,
            "createdAt": 2021-07-08T05:09:01.918Z,
            "id": "6534491450",
            "properties": Object {
              "createdate": "2021-07-08T05:09:01.918Z",
              "domain": "hubspot.com",
              "hs_lastmodifieddate": "2021-07-08T05:10:03.397Z",
              "hs_object_id": "6534491450",
              "name": "HubSpot, Inc.",
            },
            "updatedAt": 2021-07-08T05:10:03.397Z,
          },
        },
      ],
      "_type": "hubspot_company",
      "archived": false,
      "city": "",
      "createdOn": 2021,
      "displayName": "HubSpot, Inc.",
      "domain": "hubspot.com",
      "host": "",
      "id": "6534491450",
      "industry": "",
      "name": "HubSpot, Inc.",
      "ownerId": "",
      "public": false,
      "updatedOn": 2021,
    },
    Object {
      "_class": Array [
        "Organization",
      ],
      "_key": "hubspot_company:6558739580 ",
      "_rawData": Array [
        Object {
          "name": "default",
          "rawData": SimplePublicObjectWithAssociations {
            "archived": false,
            "archivedAt": undefined,
            "associations": undefined,
            "createdAt": 2021-07-13T05:34:55.981Z,
            "id": "6558739580",
            "properties": Object {
              "createdate": "2021-07-13T05:34:55.981Z",
              "domain": null,
              "hs_lastmodifieddate": "2021-07-13T05:35:58.142Z",
              "hs_object_id": "6558739580",
              "name": "Test company",
            },
            "updatedAt": 2021-07-13T05:35:58.142Z,
          },
        },
      ],
      "_type": "hubspot_company",
      "archived": false,
      "city": "",
      "createdOn": 2021,
      "displayName": "Test company",
      "domain": "",
      "host": "",
      "id": "6558739580",
      "industry": "",
      "name": "Test company",
      "ownerId": "",
      "public": false,
      "updatedOn": 2021,
    },
  ],
  "collectedRelationships": Array [],
  "encounteredTypes": Array [
    "hubspot_company",
  ],
  "numCollectedEntities": 2,
  "numCollectedRelationships": 0,
}
`;
