// Jest Snapshot v1, https://goo.gl/fbAQLP

exports[`#createUserEntity should convert to entity 1`] = `
Object {
  "_class": Array [
    "User",
  ],
  "_key": "hubspot_user:84106262 ",
  "_rawData": Array [
    Object {
      "name": "default",
      "rawData": Object {
        "archived": false,
        "createdAt": "2021-06-14T19:38:46.907Z",
        "email": "user@example.com",
        "firstName": "John",
        "id": "84106262",
        "lastName": "Doe",
        "updatedAt": "2021-06-14T19:38:46.907Z",
        "userId": 25150127,
      },
    },
  ],
  "_type": "hubspot_user",
  "archived": false,
  "createdOn": 1623699526907,
  "displayName": "John Doe",
  "email": "user@example.com",
  "firstName": "John",
  "id": "84106262",
  "lastName": "Doe",
  "name": "John Doe",
  "updatedOn": 1623699526907,
  "userId": 25150127,
  "username": "user@example.com",
}
`;
