// Jest Snapshot v1, https://goo.gl/fbAQLP

exports[`#fetchOwners should collect data 1`] = `
Object {
  "collectedEntities": Array [
    Object {
      "_class": Array [
        "AccessRole",
      ],
      "_key": "hubspot_role:95124 ",
      "_rawData": Array [
        Object {
          "name": "default",
          "rawData": Object {
            "id": "95124",
            "name": "TestRole",
            "requiresBillingWrite": false,
          },
        },
      ],
      "_type": "hubspot_role",
      "createdOn": undefined,
      "displayName": "TestRole",
      "id": "95124",
      "name": "TestRole",
      "requiresBillingWrite": false,
    },
    Object {
      "_class": Array [
        "AccessRole",
      ],
      "_key": "hubspot_role:95389 ",
      "_rawData": Array [
        Object {
          "name": "default",
          "rawData": Object {
            "id": "95389",
            "name": "SuperRole",
            "requiresBillingWrite": true,
          },
        },
      ],
      "_type": "hubspot_role",
      "createdOn": undefined,
      "displayName": "SuperRole",
      "id": "95389",
      "name": "SuperRole",
      "requiresBillingWrite": true,
    },
    Object {
      "_class": Array [
        "AccessRole",
      ],
      "_key": "hubspot_role:96735 ",
      "_rawData": Array [
        Object {
          "name": "default",
          "rawData": Object {
            "id": "96735",
            "name": "LimitedRole",
            "requiresBillingWrite": false,
          },
        },
      ],
      "_type": "hubspot_role",
      "createdOn": undefined,
      "displayName": "LimitedRole",
      "id": "96735",
      "name": "LimitedRole",
      "requiresBillingWrite": false,
    },
    Object {
      "_class": Array [
        "User",
      ],
      "_key": "hubspot_user:25387116 ",
      "_rawData": Array [
        Object {
          "name": "default",
          "rawData": Object {
            "email": "pgilaga@gmail.com",
            "id": "25387116",
            "primaryTeamId": "3785345",
          },
        },
      ],
      "_type": "hubspot_user",
      "createdOn": undefined,
      "displayName": "pgilaga@gmail.com",
      "email": "pgilaga@gmail.com",
      "id": "25387116",
      "name": "pgilaga@gmail.com",
      "primaryTeamId": "3785345",
      "roleId": undefined,
      "username": "pgilaga@gmail.com",
    },
    Object {
      "_class": Array [
        "User",
      ],
      "_key": "hubspot_user:25444566 ",
      "_rawData": Array [
        Object {
          "name": "default",
          "rawData": Object {
            "email": "pgrilaga@gmail.com",
            "id": "25444566",
            "primaryTeamId": "3785345",
            "roleId": "96735",
          },
        },
      ],
      "_type": "hubspot_user",
      "createdOn": undefined,
      "displayName": "pgrilaga@gmail.com",
      "email": "pgrilaga@gmail.com",
      "id": "25444566",
      "name": "pgrilaga@gmail.com",
      "primaryTeamId": "3785345",
      "roleId": "96735",
      "username": "pgrilaga@gmail.com",
    },
    Object {
      "_class": Array [
        "User",
      ],
      "_key": "hubspot_owner:88812444 ",
      "_rawData": Array [
        Object {
          "name": "default",
          "rawData": Object {
            "archived": false,
            "createdAt": "Wed Jul 07 2021 21:02:40 GMT+0800 (Philippine Standard Time)",
            "email": "pgilaga@gmail.com",
            "firstName": "Paul",
            "id": "88812444",
            "lastName": "Ilaga",
            "teams": Array [
              PublicTeam {
                "id": "3785345",
                "membership": undefined,
                "name": "Test team 1",
              },
            ],
            "updatedAt": "Tue Jul 27 2021 21:17:02 GMT+0800 (Philippine Standard Time)",
            "userId": 25387116,
          },
        },
      ],
      "_type": "hubspot_owner",
      "active": true,
      "archived": false,
      "createdOn": 1625662960000,
      "displayName": "Paul Ilaga",
      "email": "pgilaga@gmail.com",
      "firstName": "Paul",
      "id": "88812444",
      "lastName": "Ilaga",
      "name": "Paul Ilaga",
      "updatedOn": 1627391822000,
      "userId": 25387116,
      "username": "pgilaga@gmail.com",
    },
    Object {
      "_class": Array [
        "User",
      ],
      "_key": "hubspot_owner:88814770 ",
      "_rawData": Array [
        Object {
          "name": "default",
          "rawData": Object {
            "archived": false,
            "createdAt": "Wed Jul 07 2021 21:06:23 GMT+0800 (Philippine Standard Time)",
            "email": "pgrilaga@gmail.com",
            "firstName": "Paul",
            "id": "88814770",
            "lastName": "Test",
            "teams": Array [
              PublicTeam {
                "id": "3785345",
                "membership": undefined,
                "name": "Test team 1",
              },
            ],
            "updatedAt": "Thu Jul 08 2021 12:31:43 GMT+0800 (Philippine Standard Time)",
            "userId": 25444566,
          },
        },
      ],
      "_type": "hubspot_owner",
      "active": true,
      "archived": false,
      "createdOn": 1625663183000,
      "displayName": "Paul Test",
      "email": "pgrilaga@gmail.com",
      "firstName": "Paul",
      "id": "88814770",
      "lastName": "Test",
      "name": "Paul Test",
      "updatedOn": 1625718703000,
      "userId": 25444566,
      "username": "pgrilaga@gmail.com",
    },
  ],
  "collectedRelationships": Array [
    Object {
      "_class": "IS",
      "_fromEntityKey": "hubspot_owner:88812444 ",
      "_key": "hubspot_owner:88812444 |is|hubspot_user:25387116 ",
      "_toEntityKey": "hubspot_user:25387116 ",
      "_type": "hubspot_owner_is_user",
      "displayName": "IS",
    },
    Object {
      "_class": "IS",
      "_fromEntityKey": "hubspot_owner:88814770 ",
      "_key": "hubspot_owner:88814770 |is|hubspot_user:25444566 ",
      "_toEntityKey": "hubspot_user:25444566 ",
      "_type": "hubspot_owner_is_user",
      "displayName": "IS",
    },
    Object {
      "_class": "ASSIGNED",
      "_fromEntityKey": "hubspot_user:25444566 ",
      "_key": "hubspot_user:25444566 |assigned|hubspot_role:96735 ",
      "_toEntityKey": "hubspot_role:96735 ",
      "_type": "hubspot_user_assigned_role",
      "displayName": "ASSIGNED",
    },
  ],
  "encounteredTypes": Array [
    "hubspot_role",
    "hubspot_user",
    "hubspot_owner",
    "hubspot_owner_is_user",
    "hubspot_user_assigned_role",
  ],
  "numCollectedEntities": 7,
  "numCollectedRelationships": 3,
}
`;
