// Jest Snapshot v1, https://goo.gl/fbAQLP

exports[`#createUserEntity should convert to entity 1`] = `
Object {
  "_class": Array [
    "User",
  ],
  "_key": "hubspot_user:25412366 ",
  "_rawData": Array [
    Object {
      "name": "default",
      "rawData": Object {
        "email": "user@email.com",
        "id": "25412366",
        "primaryTeamId": "3712345",
        "roleId": "12312",
      },
    },
  ],
  "_type": "hubspot_user",
  "createdOn": undefined,
  "displayName": "user@email.com",
  "email": "user@email.com",
  "id": "25412366",
  "name": "user@email.com",
  "primaryTeamId": "3712345",
  "roleId": "12312",
  "username": "user@email.com",
}
`;
