// Jest Snapshot v1, https://goo.gl/fbAQLP

exports[`#fetchAccount should collect data 1`] = `
Object {
  "collectedEntities": Array [
    Object {
      "_class": Array [
        "Account",
      ],
      "_key": "hubspot_account:334798 ",
      "_rawData": Array [
        Object {
          "name": "default",
          "rawData": Object {
            "apiBaseUrl": "https://api.hubapi.com",
            "appId": "334798",
          },
        },
      ],
      "_type": "hubspot_account",
      "accessUrl": "https://api.hubapi.com",
      "createdOn": undefined,
      "displayName": "334798",
      "name": "334798",
    },
  ],
  "collectedRelationships": Array [],
  "encounteredTypes": Array [
    "hubspot_account",
  ],
  "numCollectedEntities": 1,
  "numCollectedRelationships": 0,
}
`;
